// Jest Snapshot v1, https://goo.gl/fbAQLP

exports[`Pruebas en GifExpertApp debe de hacer match con el snapshot 1`] = `
<div>
  <div>
    <h1>
      GifExpertApp
    </h1>
    <form
      aria-label="form"
    >
      <input
        placeholder="Buscar GIFs"
        type="text"
        value=""
      />
    </form>
    <h3>
      Kimetsu no Yaiba
    </h3>
    <h2>
      Cargando...
    </h2>
    <div
      class="card-grid"
    />
  </div>
</div>
`;
